// Jest Snapshot v1, https://goo.gl/fbAQLP

exports[`should support rendering to a string 1`] = `"<main><div data-rfd-droppable-id=\\"droppable\\" data-rfd-droppable-context-id=\\"0\\"><div data-rfd-draggable-context-id=\\"0\\" data-rfd-draggable-id=\\"0\\" tabindex=\\"0\\" role=\\"button\\" aria-describedby=\\"rfd-hidden-text-0-hidden-text-0\\" data-rfd-drag-handle-draggable-id=\\"0\\" data-rfd-drag-handle-context-id=\\"0\\" draggable=\\"false\\" data-is-dragging=\\"false\\" data-is-drop-animating=\\"false\\" data-is-combining=\\"false\\" data-is-combine-target=\\"false\\" data-is-clone=\\"false\\" data-testid=\\"0\\">item: <!-- -->0</div><div data-rfd-draggable-context-id=\\"0\\" data-rfd-draggable-id=\\"1\\" tabindex=\\"0\\" role=\\"button\\" aria-describedby=\\"rfd-hidden-text-0-hidden-text-0\\" data-rfd-drag-handle-draggable-id=\\"1\\" data-rfd-drag-handle-context-id=\\"0\\" draggable=\\"false\\" data-is-dragging=\\"false\\" data-is-drop-animating=\\"false\\" data-is-combining=\\"false\\" data-is-combine-target=\\"false\\" data-is-clone=\\"false\\" data-testid=\\"1\\">item: <!-- -->1</div><div data-rfd-draggable-context-id=\\"0\\" data-rfd-draggable-id=\\"2\\" tabindex=\\"0\\" role=\\"button\\" aria-describedby=\\"rfd-hidden-text-0-hidden-text-0\\" data-rfd-drag-handle-draggable-id=\\"2\\" data-rfd-drag-handle-context-id=\\"0\\" draggable=\\"false\\" data-is-dragging=\\"false\\" data-is-drop-animating=\\"false\\" data-is-combining=\\"false\\" data-is-combine-target=\\"false\\" data-is-clone=\\"false\\" data-testid=\\"2\\">item: <!-- -->2</div></div></main>"`;

exports[`should support rendering to static markup 1`] = `"<main><div data-rfd-droppable-id=\\"droppable\\" data-rfd-droppable-context-id=\\"0\\"><div data-rfd-draggable-context-id=\\"0\\" data-rfd-draggable-id=\\"0\\" tabindex=\\"0\\" role=\\"button\\" aria-describedby=\\"rfd-hidden-text-0-hidden-text-0\\" data-rfd-drag-handle-draggable-id=\\"0\\" data-rfd-drag-handle-context-id=\\"0\\" draggable=\\"false\\" data-is-dragging=\\"false\\" data-is-drop-animating=\\"false\\" data-is-combining=\\"false\\" data-is-combine-target=\\"false\\" data-is-clone=\\"false\\" data-testid=\\"0\\">item: 0</div><div data-rfd-draggable-context-id=\\"0\\" data-rfd-draggable-id=\\"1\\" tabindex=\\"0\\" role=\\"button\\" aria-describedby=\\"rfd-hidden-text-0-hidden-text-0\\" data-rfd-drag-handle-draggable-id=\\"1\\" data-rfd-drag-handle-context-id=\\"0\\" draggable=\\"false\\" data-is-dragging=\\"false\\" data-is-drop-animating=\\"false\\" data-is-combining=\\"false\\" data-is-combine-target=\\"false\\" data-is-clone=\\"false\\" data-testid=\\"1\\">item: 1</div><div data-rfd-draggable-context-id=\\"0\\" data-rfd-draggable-id=\\"2\\" tabindex=\\"0\\" role=\\"button\\" aria-describedby=\\"rfd-hidden-text-0-hidden-text-0\\" data-rfd-drag-handle-draggable-id=\\"2\\" data-rfd-drag-handle-context-id=\\"0\\" draggable=\\"false\\" data-is-dragging=\\"false\\" data-is-drop-animating=\\"false\\" data-is-combining=\\"false\\" data-is-combine-target=\\"false\\" data-is-clone=\\"false\\" data-testid=\\"2\\">item: 2</div></div></main>"`;
